[www.babyshop.com/sv-se.html]
[www.babyshop.com/_next/static/css/5bc00d0b4bfab4c056bd.css]
[www.babyshop.com/_next/static/css/37e6e1dd379aa1c756bd.css]
[www.babyshop.com/_next/static/chunks/webpack-149e9cbe0ef80a4556bd.js]
[www.babyshop.com/_next/static/chunks/fa8039aa-bf314ec60e99590a56bd.js]
[www.babyshop.com/_next/static/chunks/f2b2186a-b13db0d052e8524856bd.js]
[www.babyshop.com/_next/static/chunks/1596-cb04af97c70373df56bd.js]
[www.babyshop.com/_next/static/chunks/main-app-357fdda218779a6256bd.js]
[www.babyshop.com/_next/static/chunks/app/global-error-13b2ff69befd045456bd.js]
[www.babyshop.com/_next/static/chunks/6951-aca10c24a1b9091f56bd.js]
[www.babyshop.com/_next/static/chunks/2195-d798bff74d97ee4c56bd.js]
[www.babyshop.com/_next/static/chunks/8908-aeddbc94f726f3c656bd.js]
[www.babyshop.com/_next/static/chunks/9720-8bf42d3f2b931f5456bd.js]
[www.babyshop.com/_next/static/chunks/1491-95dd4393245d5b2556bd.js]
[www.babyshop.com/_next/static/chunks/3102-799bdac226db715b56bd.js]
[www.babyshop.com/_next/static/chunks/2279-8b5499904623ad8656bd.js]
[www.babyshop.com/_next/static/chunks/6166-5c2b0476aa70a67156bd.js]
[www.babyshop.com/_next/static/chunks/1560-e7ce2bf6ff405e6756bd.js]
[www.babyshop.com/_next/static/chunks/7197-ef1753a5e9b834b256bd.js]
[www.babyshop.com/_next/static/chunks/4049-1db5425862a7919b56bd.js]
[www.babyshop.com/_next/static/chunks/2978-6565079bcb501cfe56bd.js]
[www.babyshop.com/_next/static/chunks/5719-91fedf172da5469a56bd.js]
[www.babyshop.com/_next/static/chunks/2524-bab649c76f24d11756bd.js]
[www.babyshop.com/_next/static/chunks/9653-a91846a86476986656bd.js]
[www.babyshop.com/_next/static/chunks/2180-c94dbc5085b6a49c56bd.js]
[www.babyshop.com/_next/static/chunks/6725-99e9662fa215946956bd.js]
[www.babyshop.com/_next/static/chunks/4052-3c5e6ac8323d37f856bd.js]
[www.babyshop.com/_next/static/chunks/6105-b877e3a287a65fe256bd.js]
[www.babyshop.com/_next/static/chunks/4564-3f58d86bf3ed571e56bd.js]
[www.babyshop.com/_next/static/chunks/2232-7aafbcd2f6a6ee0356bd.js]
[www.babyshop.com/_next/static/chunks/1399-a698ce0951b6a3d856bd.js]
[www.babyshop.com/_next/static/chunks/app/[locale]/(my-pages)/layout-cd22c98fe20bcd0056bd.js]
[www.babyshop.com/_next/static/chunks/7698-47723922673b51e656bd.js]
[www.babyshop.com/_next/static/chunks/app/[locale]/layout-d0bb4dbb7ac3008056bd.js]
[www.babyshop.com/_next/static/chunks/app/[locale]/(main)/error-5a7937f2002d84e256bd.js]
[www.babyshop.com/_next/static/chunks/3462186f-bbfbab3e783be05d56bd.js]
[www.babyshop.com/_next/static/chunks/2274-bd80a86998bc52ae56bd.js]
[www.babyshop.com/_next/static/chunks/5452-02fa8ae0923602cb56bd.js]
[www.babyshop.com/_next/static/chunks/6892-8bd4900943f51a6956bd.js]
[www.babyshop.com/_next/static/chunks/9210-f69ede1ed046e5ed56bd.js]
[www.babyshop.com/_next/static/chunks/2559-050771ee258a557556bd.js]
[www.babyshop.com/_next/static/chunks/app/[locale]/(main)/[...slug]/page-0defb6a382770b6956bd.js]
[external.html]
[backblue.gif]
[fade.gif]
[index.html]
[js.klarna.com/web-sdk/v1/klarna.js]
[www.babyshop.com/icons/favicon.ico]
[www.babyshop.com/_next/static/chunks/polyfills-42372ed130431b0a56bd.js]
[www.babyshop.com/icons/icons-sprite.svg]
[www.babyshop.com/sv-se/favorites.html]
[www.babyshop.com/sv-se/offers.html]
[www.babyshop.com/sv-se/ytterklader.html]
[www.babyshop.com/sv-se/barnklader.html]
[www.babyshop.com/sv-se/barnskor.html]
[www.babyshop.com/sv-se/baby.html]
[www.babyshop.com/sv-se/barnvagnar-bilbarnstolar/barnvagnar.html]
[www.babyshop.com/sv-se/barnvagnar-bilbarnstolar/bilbarnstolar.html]
[www.babyshop.com/sv-se/leksaker/cyklar-balanscyklar-och-sparkcyklar.html]
[www.babyshop.com/sv-se/leksaker.html]
[www.babyshop.com/sv-se/inredning.html]
[www.babyshop.com/sv-se/news.html]
[www.babyshop.com/sv-se/brands.html]
[www.babyshop.com/sv-se/november-treats/fashion-shop.html]
[www.babyshop.com/sv-se/november-treats/xmas-countdown.html]
[www.babyshop.com/sv-se/november-treats/winter-wardrobe.html]
[www.babyshop.com/sv-se/november-treats/baby-weeks.html]
[www.babyshop.com/sv-se/brand/bugaboo.html]
[www.babyshop.com/sv-se/brand/kids-concept.html]
[www.babyshop.com/sv-se/brand/djeco.html]
[www.babyshop.com/sv-se/konges-slojd/toys.html]
[www.babyshop.com/sv-se/brand/plus-plus.html]
[www.babyshop.com/sv-se/brand/magna-tiles.html]
[www.babyshop.com/sv-se/brand/ses-creative.html]
[www.babyshop.com/sv-se/shop-by/holiday-shop-girl.html]
[www.babyshop.com/sv-se/shop-by/holiday-shop-boy.html]
[www.babyshop.com/sv-se/shop-by/holiday-shop-baby.html]
[www.babyshop.com/sv-se/shop-by/gifts-up-to-two-years-old.html]
[www.babyshop.com/sv-se/shop-by/gifts-three-years-old-plus.html]
[www.babyshop.com/sv-se/shop-by/skiwear-for-kids.html]
[www.babyshop.com/sv-se/shop-by/wool-for-kids.html]
[www.babyshop.com/sv-se/shop-by/baest-i-test.html]
[www.babyshop.com/sv-se/brand/kavat.html]
[www.babyshop.com/sv-se/brand/floss.html]
[www.babyshop.com/sv-se/brand/bobo-choses.html]
[www.babyshop.com/sv-se/brand/reima.html]
[www.babyshop.com/sv-se/brand/konges-slojd.html]
[www.babyshop.com/sv-se/brand/joolz.html]
[www.babyshop.com/sv-se/brand/kuling.html]
[www.babyshop.com/sv-se/brand/stoy.html]
[www.babyshop.com/sv-se/information/about-babyshop.html]
[www.babyshop.com/sv-se/information/sustainability.html]
[www.babyshop.com/sv-se/guides-tips.html]
[www.babyshop.com/sv-se/customer-service/size-guides-manuals.html]
[www.babyshop.com/sv-se/information/integrity-policy.html]
[www.babyshop.com/sv-se/information/terms-and-conditions.html]
[www.babyshop.com/sv-se/information/cookies.html]
[www.babyshop.com/sv-se/customer-service/faq.html]
[www.babyshop.com/sv-se/customer-service/delivery.html]
[www.babyshop.com/sv-se/customer-service/contact-us.html]
[www.babyshop.com/sv-se/static/chunks/6951-aca10c24a1b9091f.html]
[www.babyshop.com/sv-se/static/chunks/2195-d798bff74d97ee4c.html]
[www.babyshop.com/sv-se/static/chunks/8908-aeddbc94f726f3c6.html]
[www.babyshop.com/sv-se/static/chunks/9720-8bf42d3f2b931f54.html]
[www.babyshop.com/sv-se/static/chunks/1491-95dd4393245d5b25.html]
[www.babyshop.com/sv-se/static/chunks/3102-799bdac226db715b.html]
[www.babyshop.com/sv-se/static/chunks/2279-8b5499904623ad86.html]
[www.babyshop.com/sv-se/static/chunks/6166-5c2b0476aa70a671.html]
[www.babyshop.com/sv-se/static/chunks/1560-e7ce2bf6ff405e67.html]
[www.babyshop.com/sv-se/static/chunks/7197-ef1753a5e9b834b2.html]
[www.babyshop.com/sv-se/static/chunks/4049-1db5425862a7919b.html]
[www.babyshop.com/sv-se/static/chunks/2978-6565079bcb501cfe.html]
[www.babyshop.com/sv-se/static/chunks/5719-91fedf172da5469a.html]
[www.babyshop.com/sv-se/static/chunks/2524-bab649c76f24d117.html]
[www.babyshop.com/sv-se/static/chunks/9653-a91846a864769866.html]
[www.babyshop.com/sv-se/static/chunks/2180-c94dbc5085b6a49c.html]
[www.babyshop.com/sv-se/static/chunks/6725-99e9662fa2159469.html]
[www.babyshop.com/sv-se/static/chunks/4052-3c5e6ac8323d37f8.html]
[www.babyshop.com/sv-se/static/chunks/6105-b877e3a287a65fe2.html]
[www.babyshop.com/sv-se/static/chunks/2232-7aafbcd2f6a6ee03.html]
[www.babyshop.com/sv-se/static/chunks/1399-a698ce0951b6a3d8.html]
[www.babyshop.com/sv-se/static/chunks/7698-47723922673b51e6.html]
[www.babyshop.com/sv-se/s/2195-d798bff74d97ee4c.html]
[www.babyshop.com/sv-se/static/chunks/4564-3f58d86bf3ed571e.html]
[www.babyshop.com/sv-se/tatic/chunks/8908-aeddbc94f726f3c6.html]
[www.babyshop.com/sv-se/static/chunks/3462186f-bbfbab3e783be05d.html]
[www.babyshop.com/sv-se/static/chunks/2274-bd80a86998bc52ae.html]
[www.babyshop.com/sv-se/static/chunks/5452-02fa8ae0923602cb.html]
[www.babyshop.com/sv-se/static/chunks/6892-8bd4900943f51a69.html]
[www.babyshop.com/sv-se/static/chunks/9210-f69ede1ed046e5ed.html]
[www.babyshop.com/sv-se/static/chunks/2559-050771ee258a5575.html]
[www.babyshop.com/sv-se/aca10c24a1b9091f.html]
[www.babyshop.com/sv-se/f726f3c6.html]
[a.storyblok.com/f/329657/46x32/43caa7caea/bring.png]
[a.storyblok.com/f/329657/46x32/0b420d4a44/posti-finish.png]
[a.storyblok.com/f/329657/1867x1050/35150367e9/ugk-11807-krem250701ls1.jpg]
[a.storyblok.com/f/329657/1080x1080/205ff97505/reima_aw25.jpg]
[a.storyblok.com/f/329657/1536x2304/9560618f14/julklanningar.jpg]
[a.storyblok.com/f/329657/1200x1600/143530c792/boots_kuling.jpg]
[a.storyblok.com/f/329657/1200x1600/b3192231d5/gift-0-3_new.jpg]
[a.storyblok.com/f/329657/1154x1540/81b2d079ec/gift-pick-3_new.jpg]
[a.storyblok.com/f/329657/1200x1200/4f053c3fd7/stoy.jpg]
[a.storyblok.com/f/329657/2000x1000/43ad9c0bdd/best-i-test.jpg]
[a.storyblok.com/f/329657/1536x1024/72d5fcff61/mood_catsdogs.jpg]
[a.storyblok.com/f/329657/396x528/784a1df5e4/2025_kavat_aw0104.jpg]
[a.storyblok.com/f/329657/1992x2656/4fd5c74e3d/f10729-soft-white-heart-extra-2.jpg]
[a.storyblok.com/f/329657/680x906/3252a77f06/bobo-choses-ski.jpg]
[a.storyblok.com/f/329657/1536x2304/7f455457e7/moodks104225-p15031ks104224-p15036ks104228-p150311.jpg]
[a.storyblok.com/f/329657/1080x1350/db308d3a42/joolz-box.jpg]
[a.storyblok.com/f/329657/1536x1536/22dfc7d509/holiday_shop_girls_konges_slojd.jpg]
[a.storyblok.com/f/329657/1200x1200/4e21f3a4ea/dark-green-christmas.jpg]
[a.storyblok.com/f/329657/1200x1200/b472b44d47/molo_aw25_ski_831_jh_srgb_high.jpg]
[a.storyblok.com/f/329657/1080x1080/4e4f526df3/hp_box_huttelihut.jpg]
[a.storyblok.com/f/329657/1200x1200/3152281de1/kuling_winter.jpg]
[a.storyblok.com/f/329657/1500x2250/3e2dbb48b7/stoy.jpg]
[a.storyblok.com/f/329657/1541x867/3a96abdb1f/bugaboo-hero.jpg]
[a.storyblok.com/f/329657/3000x1688/5f5c5d951e/kids-concept.jpg]
[a.storyblok.com/f/329657/1200x1600/3747bfed5b/1000999-dollhouse-aiden-1001014-butterfly-green-dress-up-e_12-anim-2-aw25-1.jpg]
[a.storyblok.com/f/329657/1200x1600/e18d9f78fb/dj01658-am-c1-rvb-social.jpg]
[a.storyblok.com/f/329657/1200x1600/de33e6ff65/mood_ks103770-s30051_ks103772-p05197_ks103775-p05185_ks103776-p05185_2.jpg]
[a.storyblok.com/f/329657/1200x1600/7ba8417a70/3962_ltb-pet-animals_lifestyle13.jpg]
[a.storyblok.com/f/329657/1200x1600/a545e3e79f/850025176415_7.jpg]
[a.storyblok.com/f/329657/750x1000/0ca83435da/s01133_5.jpg]
[a.storyblok.com/f/329657/1200x1200/693ccafb92/molo_campaignaw25__opt20_2519_work_srgb_high.jpg]
[a.storyblok.com/f/329657/1200x1200/f3cf6bab98/xmas-countdown-square.jpg]
[a.storyblok.com/f/329657/1200x1200/7193e48bc2/wheat_1-1.jpg]
[a.storyblok.com/f/329657/1024x1024/e6760ce43e/baby-weeks.jpg]
[www.babyshop.com/sv-se/ca10c24a1b9091f.html]
[www.babyshop.com/sv-se/chunks/2195-d798bff74d97ee4c.html]
[www.babyshop.com/sv-se/p/douglas-fodrad-regnoverall-lilac-flower-v6905/PM-71959.html]
[www.babyshop.com/sv-se/p/ottawa-fodrat-regnstall-foggy-white-big-apple/PM-71964.html]
[www.babyshop.com/sv-se/p/fsc-100-aktivitetsbord-forest/744407.html]
[www.babyshop.com/sv-se/p/vintage-trehjuling-med-foraldrahandtag-beige/PM-59633.html]
[www.babyshop.com/sv-se/p/ottawa-fodrat-regnstall-navy/PM-71967.html]
[www.babyshop.com/sv-se/p/doktorsvaska/630129.html]
[www.babyshop.com/sv-se/p/fsc-100-classic-scandinavian-leksakskok-vit/PM-66536.html]
[www.babyshop.com/sv-se/p/ottawa-fodrat-regnstall-walnut-leo-v6925/PM-71971.html]
[www.babyshop.com/sv-se/p/douglas-fodrad-regnoverall-graphic/PM-71957.html]
[www.babyshop.com/sv-se/p/10-vintage-springcykel-candy-pink/812921.html]
[www.babyshop.com/sv-se/p/douglas-fodrad-regnoverall-polar-bear/PM-71961.html]
[www.babyshop.com/sv-se.html]
[www.babyshop.com/_next/static/css/5bc00d0b4bfab4c056bd.css]
[www.babyshop.com/_next/static/css/37e6e1dd379aa1c756bd.css]
[www.babyshop.com/icons/icons-sprite.svg]
[www.babyshop.com/sv-se/favorites.html]
[www.babyshop.com/sv-se/offers.html]
[www.babyshop.com/sv-se/p/vilnius-fodrade-regnvantar-lilac-flower/PM-71986.html]
[www.babyshop.com/sv-se/ytterklader.html]
[www.babyshop.com/sv-se/barnklader.html]
[www.babyshop.com/sv-se/barnskor.html]
[www.babyshop.com/sv-se/baby.html]
[www.babyshop.com/sv-se/barnvagnar-bilbarnstolar/barnvagnar.html]
[www.babyshop.com/sv-se/barnvagnar-bilbarnstolar/bilbarnstolar.html]
[www.babyshop.com/sv-se/leksaker/cyklar-balanscyklar-och-sparkcyklar.html]
[www.babyshop.com/sv-se/leksaker.html]
[www.babyshop.com/sv-se/inredning.html]
[www.babyshop.com/sv-se/news.html]
[www.babyshop.com/sv-se/brands.html]
[www.babyshop.com/sv-se/november-treats/fashion-shop.html]
[www.babyshop.com/sv-se/november-treats/xmas-countdown.html]
[www.babyshop.com/sv-se/november-treats/winter-wardrobe.html]
[www.babyshop.com/sv-se/november-treats/baby-weeks.html]
[www.babyshop.com/sv-se/brand/bugaboo.html]
[www.babyshop.com/sv-se/brand/kids-concept.html]
[www.babyshop.com/sv-se/brand/djeco.html]
[www.babyshop.com/sv-se/konges-slojd/toys.html]
[www.babyshop.com/sv-se/brand/plus-plus.html]
[www.babyshop.com/sv-se/brand/magna-tiles.html]
[www.babyshop.com/sv-se/brand/ses-creative.html]
[www.babyshop.com/sv-se/shop-by/holiday-shop-girl.html]
[www.babyshop.com/sv-se/shop-by/holiday-shop-boy.html]
[www.babyshop.com/sv-se/shop-by/holiday-shop-baby.html]
[www.babyshop.com/sv-se/shop-by/gifts-up-to-two-years-old.html]
[www.babyshop.com/sv-se/shop-by/gifts-three-years-old-plus.html]
[www.babyshop.com/sv-se/shop-by/skiwear-for-kids.html]
[www.babyshop.com/sv-se/shop-by/wool-for-kids.html]
[www.babyshop.com/sv-se/shop-by/baest-i-test.html]
[www.babyshop.com/sv-se/brand/kavat.html]
[www.babyshop.com/sv-se/brand/floss.html]
[www.babyshop.com/sv-se/brand/bobo-choses.html]
[www.babyshop.com/sv-se/brand/reima.html]
[www.babyshop.com/sv-se/brand/konges-slojd.html]
[www.babyshop.com/sv-se/brand/joolz.html]
[www.babyshop.com/sv-se/brand/kuling.html]
[www.babyshop.com/sv-se/brand/stoy.html]
[www.babyshop.com/sv-se/information/about-babyshop.html]
[www.babyshop.com/sv-se/information/sustainability.html]
[www.babyshop.com/sv-se/guides-tips.html]
[www.babyshop.com/sv-se/customer-service/size-guides-manuals.html]
[www.babyshop.com/sv-se/information/integrity-policy.html]
[www.babyshop.com/sv-se/information/terms-and-conditions.html]
[www.babyshop.com/sv-se/information/cookies.html]
[www.babyshop.com/sv-se/customer-service/faq.html]
[www.babyshop.com/sv-se/customer-service/delivery.html]
[www.babyshop.com/sv-se/customer-service/contact-us.html]
[www.babyshop.com/sv-se/static/chunks/6951-aca10c24a1b9091f.html]
[www.babyshop.com/sv-se/static/chunks/2195-d798bff74d97ee4c.html]
[www.babyshop.com/sv-se/static/chunks/8908-aeddbc94f726f3c6.html]
[www.babyshop.com/sv-se/static/chunks/9720-8bf42d3f2b931f54.html]
[www.babyshop.com/sv-se/static/chunks/1491-95dd4393245d5b25.html]
[www.babyshop.com/sv-se/static/chunks/3102-799bdac226db715b.html]
[www.babyshop.com/sv-se/static/chunks/2279-8b5499904623ad86.html]
[www.babyshop.com/sv-se/static/chunks/6166-5c2b0476aa70a671.html]
[www.babyshop.com/sv-se/static/chunks/1560-e7ce2bf6ff405e67.html]
[www.babyshop.com/sv-se/static/chunks/7197-ef1753a5e9b834b2.html]
[www.babyshop.com/sv-se/static/chunks/4049-1db5425862a7919b.html]
[www.babyshop.com/sv-se/static/chunks/2978-6565079bcb501cfe.html]
[www.babyshop.com/sv-se/static/chunks/5719-91fedf172da5469a.html]
[www.babyshop.com/sv-se/static/chunks/2524-bab649c76f24d117.html]
[www.babyshop.com/sv-se/static/chunks/9653-a91846a864769866.html]
[www.babyshop.com/sv-se/static/chunks/2180-c94dbc5085b6a49c.html]
[www.babyshop.com/sv-se/static/chunks/6725-99e9662fa2159469.html]
[www.babyshop.com/sv-se/static/chunks/4052-3c5e6ac8323d37f8.html]
[www.babyshop.com/sv-se/static/chunks/6105-b877e3a287a65fe2.html]
[www.babyshop.com/sv-se/static/chunks/2232-7aafbcd2f6a6ee03.html]
[www.babyshop.com/sv-se/static/chunks/1399-a698ce0951b6a3d8.html]
[www.babyshop.com/sv-se/static/chunks/7698-47723922673b51e6.html]
[www.babyshop.com/sv-se/s/2195-d798bff74d97ee4c.html]
[www.babyshop.com/sv-se/static/chunks/4564-3f58d86bf3ed571e.html]
[www.babyshop.com/sv-se/tatic/chunks/8908-aeddbc94f726f3c6.html]
[www.babyshop.com/sv-se/static/chunks/3462186f-bbfbab3e783be05d.html]
[www.babyshop.com/sv-se/static/chunks/2274-bd80a86998bc52ae.html]
[www.babyshop.com/sv-se/static/chunks/5452-02fa8ae0923602cb.html]
[www.babyshop.com/sv-se/static/chunks/6892-8bd4900943f51a69.html]
[www.babyshop.com/sv-se/static/chunks/9210-f69ede1ed046e5ed.html]
[www.babyshop.com/sv-se/static/chunks/2559-050771ee258a5575.html]
[www.babyshop.com/sv-se/aca10c24a1b9091f.html]
[www.babyshop.com/sv-se/f726f3c6.html]
[www.googletagmanager.com/gtm5445.html]
[www.babyshop.com/sv-se/ca10c24a1b9091f.html]
[www.babyshop.com/sv-se/chunks/2195-d798bff74d97ee4c.html]
[www.babyshop.com/sv-se/p/douglas-fodrad-regnoverall-lilac-flower-v6905/PM-71959.html]
[www.babyshop.com/sv-se/p/ottawa-fodrat-regnstall-foggy-white-big-apple/PM-71964.html]
[www.babyshop.com/sv-se/p/fsc-100-aktivitetsbord-forest/744407.html]
[www.babyshop.com/sv-se/p/vintage-trehjuling-med-foraldrahandtag-beige/PM-59633.html]
[www.babyshop.com/sv-se/p/ottawa-fodrat-regnstall-navy/PM-71967.html]
[www.babyshop.com/sv-se/p/doktorsvaska/630129.html]
[www.babyshop.com/sv-se/p/fsc-100-classic-scandinavian-leksakskok-vit/PM-66536.html]
[www.babyshop.com/sv-se/p/ottawa-fodrat-regnstall-walnut-leo-v6925/PM-71971.html]
[www.babyshop.com/sv-se/p/douglas-fodrad-regnoverall-graphic/PM-71957.html]
[www.babyshop.com/sv-se/p/10-vintage-springcykel-candy-pink/812921.html]
[www.babyshop.com/sv-se/p/douglas-fodrad-regnoverall-polar-bear/PM-71961.html]
[www.babyshop.com/sv-se/p/vilnius-fodrade-regnvantar-lilac-flower/PM-71986.html]
